// Jest Snapshot v1, https://goo.gl/fbAQLP

exports[`<ArticlePreview /> it renders correctly 1`] = `
ShallowWrapper {
  Symbol(enzyme.__root__): [Circular],
  Symbol(enzyme.__unrendered__): <ArticlePreview
    article={
      Object {
        "image": "/rails/active_storage/blobs/eyJfcmFpbHMiOnsibWVzc2FnZSI6IkJBaHBEUT09IiwiZXhwIjpudWxsLCJwdXIiOiJibG9iX2lkIn19--7d12c66030ae5e39faf3acc1b6e9cd19139f8dc6/water-tap-black-and-white-macro-615326.jpeg",
        "slug": "Title",
        "title": "New Article #3",
      }
    }
  />,
  Symbol(enzyme.__renderer__): Object {
    "batchedUpdates": [Function],
    "getNode": [Function],
    "render": [Function],
    "simulateError": [Function],
    "simulateEvent": [Function],
    "unmount": [Function],
  },
  Symbol(enzyme.__node__): Object {
    "instance": null,
    "key": undefined,
    "nodeType": "class",
    "props": Object {
      "as": "/articles/Title",
      "children": <a
        className="c-article__path"
        href="#"
      >
        <div
          className="c-article-preview"
        >
          <figure>
            <img
              className="c-article-preview__image"
              src="https://pauls-blog.herokuapp.com//rails/active_storage/blobs/eyJfcmFpbHMiOnsibWVzc2FnZSI6IkJBaHBEUT09IiwiZXhwIjpudWxsLCJwdXIiOiJibG9iX2lkIn19--7d12c66030ae5e39faf3acc1b6e9cd19139f8dc6/water-tap-black-and-white-macro-615326.jpeg"
            />
          </figure>
          <div
            className="c-article-preview__text"
          >
            <h3>
              New Article #3
            </h3>
          </div>
        </div>
      </a>,
      "href": "/article?slug=Title",
    },
    "ref": null,
    "rendered": Object {
      "instance": null,
      "key": undefined,
      "nodeType": "host",
      "props": Object {
        "children": <div
          className="c-article-preview"
        >
          <figure>
            <img
              className="c-article-preview__image"
              src="https://pauls-blog.herokuapp.com//rails/active_storage/blobs/eyJfcmFpbHMiOnsibWVzc2FnZSI6IkJBaHBEUT09IiwiZXhwIjpudWxsLCJwdXIiOiJibG9iX2lkIn19--7d12c66030ae5e39faf3acc1b6e9cd19139f8dc6/water-tap-black-and-white-macro-615326.jpeg"
            />
          </figure>
          <div
            className="c-article-preview__text"
          >
            <h3>
              New Article #3
            </h3>
          </div>
        </div>,
        "className": "c-article__path",
        "href": "#",
      },
      "ref": null,
      "rendered": Object {
        "instance": null,
        "key": undefined,
        "nodeType": "host",
        "props": Object {
          "children": Array [
            <figure>
              <img
                className="c-article-preview__image"
                src="https://pauls-blog.herokuapp.com//rails/active_storage/blobs/eyJfcmFpbHMiOnsibWVzc2FnZSI6IkJBaHBEUT09IiwiZXhwIjpudWxsLCJwdXIiOiJibG9iX2lkIn19--7d12c66030ae5e39faf3acc1b6e9cd19139f8dc6/water-tap-black-and-white-macro-615326.jpeg"
              />
            </figure>,
            <div
              className="c-article-preview__text"
            >
              <h3>
                New Article #3
              </h3>
            </div>,
          ],
          "className": "c-article-preview",
        },
        "ref": null,
        "rendered": Array [
          Object {
            "instance": null,
            "key": undefined,
            "nodeType": "host",
            "props": Object {
              "children": <img
                className="c-article-preview__image"
                src="https://pauls-blog.herokuapp.com//rails/active_storage/blobs/eyJfcmFpbHMiOnsibWVzc2FnZSI6IkJBaHBEUT09IiwiZXhwIjpudWxsLCJwdXIiOiJibG9iX2lkIn19--7d12c66030ae5e39faf3acc1b6e9cd19139f8dc6/water-tap-black-and-white-macro-615326.jpeg"
              />,
            },
            "ref": null,
            "rendered": Object {
              "instance": null,
              "key": undefined,
              "nodeType": "host",
              "props": Object {
                "className": "c-article-preview__image",
                "src": "https://pauls-blog.herokuapp.com//rails/active_storage/blobs/eyJfcmFpbHMiOnsibWVzc2FnZSI6IkJBaHBEUT09IiwiZXhwIjpudWxsLCJwdXIiOiJibG9iX2lkIn19--7d12c66030ae5e39faf3acc1b6e9cd19139f8dc6/water-tap-black-and-white-macro-615326.jpeg",
              },
              "ref": null,
              "rendered": null,
              "type": "img",
            },
            "type": "figure",
          },
          Object {
            "instance": null,
            "key": undefined,
            "nodeType": "host",
            "props": Object {
              "children": <h3>
                New Article #3
              </h3>,
              "className": "c-article-preview__text",
            },
            "ref": null,
            "rendered": Object {
              "instance": null,
              "key": undefined,
              "nodeType": "host",
              "props": Object {
                "children": "New Article #3",
              },
              "ref": null,
              "rendered": "New Article #3",
              "type": "h3",
            },
            "type": "div",
          },
        ],
        "type": "div",
      },
      "type": "a",
    },
    "type": [Function],
  },
  Symbol(enzyme.__nodes__): Array [
    Object {
      "instance": null,
      "key": undefined,
      "nodeType": "class",
      "props": Object {
        "as": "/articles/Title",
        "children": <a
          className="c-article__path"
          href="#"
        >
          <div
            className="c-article-preview"
          >
            <figure>
              <img
                className="c-article-preview__image"
                src="https://pauls-blog.herokuapp.com//rails/active_storage/blobs/eyJfcmFpbHMiOnsibWVzc2FnZSI6IkJBaHBEUT09IiwiZXhwIjpudWxsLCJwdXIiOiJibG9iX2lkIn19--7d12c66030ae5e39faf3acc1b6e9cd19139f8dc6/water-tap-black-and-white-macro-615326.jpeg"
              />
            </figure>
            <div
              className="c-article-preview__text"
            >
              <h3>
                New Article #3
              </h3>
            </div>
          </div>
        </a>,
        "href": "/article?slug=Title",
      },
      "ref": null,
      "rendered": Object {
        "instance": null,
        "key": undefined,
        "nodeType": "host",
        "props": Object {
          "children": <div
            className="c-article-preview"
          >
            <figure>
              <img
                className="c-article-preview__image"
                src="https://pauls-blog.herokuapp.com//rails/active_storage/blobs/eyJfcmFpbHMiOnsibWVzc2FnZSI6IkJBaHBEUT09IiwiZXhwIjpudWxsLCJwdXIiOiJibG9iX2lkIn19--7d12c66030ae5e39faf3acc1b6e9cd19139f8dc6/water-tap-black-and-white-macro-615326.jpeg"
              />
            </figure>
            <div
              className="c-article-preview__text"
            >
              <h3>
                New Article #3
              </h3>
            </div>
          </div>,
          "className": "c-article__path",
          "href": "#",
        },
        "ref": null,
        "rendered": Object {
          "instance": null,
          "key": undefined,
          "nodeType": "host",
          "props": Object {
            "children": Array [
              <figure>
                <img
                  className="c-article-preview__image"
                  src="https://pauls-blog.herokuapp.com//rails/active_storage/blobs/eyJfcmFpbHMiOnsibWVzc2FnZSI6IkJBaHBEUT09IiwiZXhwIjpudWxsLCJwdXIiOiJibG9iX2lkIn19--7d12c66030ae5e39faf3acc1b6e9cd19139f8dc6/water-tap-black-and-white-macro-615326.jpeg"
                />
              </figure>,
              <div
                className="c-article-preview__text"
              >
                <h3>
                  New Article #3
                </h3>
              </div>,
            ],
            "className": "c-article-preview",
          },
          "ref": null,
          "rendered": Array [
            Object {
              "instance": null,
              "key": undefined,
              "nodeType": "host",
              "props": Object {
                "children": <img
                  className="c-article-preview__image"
                  src="https://pauls-blog.herokuapp.com//rails/active_storage/blobs/eyJfcmFpbHMiOnsibWVzc2FnZSI6IkJBaHBEUT09IiwiZXhwIjpudWxsLCJwdXIiOiJibG9iX2lkIn19--7d12c66030ae5e39faf3acc1b6e9cd19139f8dc6/water-tap-black-and-white-macro-615326.jpeg"
                />,
              },
              "ref": null,
              "rendered": Object {
                "instance": null,
                "key": undefined,
                "nodeType": "host",
                "props": Object {
                  "className": "c-article-preview__image",
                  "src": "https://pauls-blog.herokuapp.com//rails/active_storage/blobs/eyJfcmFpbHMiOnsibWVzc2FnZSI6IkJBaHBEUT09IiwiZXhwIjpudWxsLCJwdXIiOiJibG9iX2lkIn19--7d12c66030ae5e39faf3acc1b6e9cd19139f8dc6/water-tap-black-and-white-macro-615326.jpeg",
                },
                "ref": null,
                "rendered": null,
                "type": "img",
              },
              "type": "figure",
            },
            Object {
              "instance": null,
              "key": undefined,
              "nodeType": "host",
              "props": Object {
                "children": <h3>
                  New Article #3
                </h3>,
                "className": "c-article-preview__text",
              },
              "ref": null,
              "rendered": Object {
                "instance": null,
                "key": undefined,
                "nodeType": "host",
                "props": Object {
                  "children": "New Article #3",
                },
                "ref": null,
                "rendered": "New Article #3",
                "type": "h3",
              },
              "type": "div",
            },
          ],
          "type": "div",
        },
        "type": "a",
      },
      "type": [Function],
    },
  ],
  Symbol(enzyme.__options__): Object {
    "adapter": ReactSixteenAdapter {
      "options": Object {
        "enableComponentDidUpdateOnSetState": true,
        "lifecycles": Object {
          "componentDidUpdate": Object {
            "onSetState": true,
          },
          "getDerivedStateFromProps": true,
          "getSnapshotBeforeUpdate": true,
          "setState": Object {
            "skipsComponentDidUpdateOnNullish": true,
          },
        },
      },
    },
  },
}
`;
