// Jest Snapshot v1, https://goo.gl/fbAQLP

exports[`<Comment /> it renders correctly 1`] = `
ShallowWrapper {
  Symbol(enzyme.__root__): [Circular],
  Symbol(enzyme.__unrendered__): <Comment
    comment={
      Object {
        "authorName": "authorName",
      }
    }
  />,
  Symbol(enzyme.__renderer__): Object {
    "batchedUpdates": [Function],
    "getNode": [Function],
    "render": [Function],
    "simulateError": [Function],
    "simulateEvent": [Function],
    "unmount": [Function],
  },
  Symbol(enzyme.__node__): Object {
    "instance": null,
    "key": undefined,
    "nodeType": "host",
    "props": Object {
      "children": Array [
        <div
          className="c-comment__author"
        >
          <img
            alt="A Ruby logo"
            className="c-comment__img"
            src="../static/images/ruby.jpg"
          />
          <h4
            className="c-comment__author-name"
          >
            authorName
          </h4>
          <time
            className="c-comment__created-date"
          >
            Created on: 
            Dec 14, 2018
          </time>
        </div>,
        <div
          className="c-comment__body"
        >
          <MarkdownPreview
            value=""
          />
        </div>,
      ],
      "className": "c-comment",
    },
    "ref": null,
    "rendered": Array [
      Object {
        "instance": null,
        "key": undefined,
        "nodeType": "host",
        "props": Object {
          "children": Array [
            <img
              alt="A Ruby logo"
              className="c-comment__img"
              src="../static/images/ruby.jpg"
            />,
            <h4
              className="c-comment__author-name"
            >
              authorName
            </h4>,
            <time
              className="c-comment__created-date"
            >
              Created on: 
              Dec 14, 2018
            </time>,
          ],
          "className": "c-comment__author",
        },
        "ref": null,
        "rendered": Array [
          Object {
            "instance": null,
            "key": undefined,
            "nodeType": "host",
            "props": Object {
              "alt": "A Ruby logo",
              "className": "c-comment__img",
              "src": "../static/images/ruby.jpg",
            },
            "ref": null,
            "rendered": null,
            "type": "img",
          },
          Object {
            "instance": null,
            "key": undefined,
            "nodeType": "host",
            "props": Object {
              "children": "authorName",
              "className": "c-comment__author-name",
            },
            "ref": null,
            "rendered": "authorName",
            "type": "h4",
          },
          Object {
            "instance": null,
            "key": undefined,
            "nodeType": "host",
            "props": Object {
              "children": Array [
                "Created on: ",
                "Dec 14, 2018",
              ],
              "className": "c-comment__created-date",
            },
            "ref": null,
            "rendered": Array [
              "Created on: ",
              "Dec 14, 2018",
            ],
            "type": "time",
          },
        ],
        "type": "div",
      },
      Object {
        "instance": null,
        "key": undefined,
        "nodeType": "host",
        "props": Object {
          "children": <MarkdownPreview
            value=""
          />,
          "className": "c-comment__body",
        },
        "ref": null,
        "rendered": Object {
          "instance": null,
          "key": undefined,
          "nodeType": "class",
          "props": Object {
            "value": "",
          },
          "ref": null,
          "rendered": null,
          "type": [Function],
        },
        "type": "div",
      },
    ],
    "type": "div",
  },
  Symbol(enzyme.__nodes__): Array [
    Object {
      "instance": null,
      "key": undefined,
      "nodeType": "host",
      "props": Object {
        "children": Array [
          <div
            className="c-comment__author"
          >
            <img
              alt="A Ruby logo"
              className="c-comment__img"
              src="../static/images/ruby.jpg"
            />
            <h4
              className="c-comment__author-name"
            >
              authorName
            </h4>
            <time
              className="c-comment__created-date"
            >
              Created on: 
              Dec 14, 2018
            </time>
          </div>,
          <div
            className="c-comment__body"
          >
            <MarkdownPreview
              value=""
            />
          </div>,
        ],
        "className": "c-comment",
      },
      "ref": null,
      "rendered": Array [
        Object {
          "instance": null,
          "key": undefined,
          "nodeType": "host",
          "props": Object {
            "children": Array [
              <img
                alt="A Ruby logo"
                className="c-comment__img"
                src="../static/images/ruby.jpg"
              />,
              <h4
                className="c-comment__author-name"
              >
                authorName
              </h4>,
              <time
                className="c-comment__created-date"
              >
                Created on: 
                Dec 14, 2018
              </time>,
            ],
            "className": "c-comment__author",
          },
          "ref": null,
          "rendered": Array [
            Object {
              "instance": null,
              "key": undefined,
              "nodeType": "host",
              "props": Object {
                "alt": "A Ruby logo",
                "className": "c-comment__img",
                "src": "../static/images/ruby.jpg",
              },
              "ref": null,
              "rendered": null,
              "type": "img",
            },
            Object {
              "instance": null,
              "key": undefined,
              "nodeType": "host",
              "props": Object {
                "children": "authorName",
                "className": "c-comment__author-name",
              },
              "ref": null,
              "rendered": "authorName",
              "type": "h4",
            },
            Object {
              "instance": null,
              "key": undefined,
              "nodeType": "host",
              "props": Object {
                "children": Array [
                  "Created on: ",
                  "Dec 14, 2018",
                ],
                "className": "c-comment__created-date",
              },
              "ref": null,
              "rendered": Array [
                "Created on: ",
                "Dec 14, 2018",
              ],
              "type": "time",
            },
          ],
          "type": "div",
        },
        Object {
          "instance": null,
          "key": undefined,
          "nodeType": "host",
          "props": Object {
            "children": <MarkdownPreview
              value=""
            />,
            "className": "c-comment__body",
          },
          "ref": null,
          "rendered": Object {
            "instance": null,
            "key": undefined,
            "nodeType": "class",
            "props": Object {
              "value": "",
            },
            "ref": null,
            "rendered": null,
            "type": [Function],
          },
          "type": "div",
        },
      ],
      "type": "div",
    },
  ],
  Symbol(enzyme.__options__): Object {
    "adapter": ReactSixteenAdapter {
      "options": Object {
        "enableComponentDidUpdateOnSetState": true,
        "lifecycles": Object {
          "componentDidUpdate": Object {
            "onSetState": true,
          },
          "getDerivedStateFromProps": true,
          "getSnapshotBeforeUpdate": true,
          "setState": Object {
            "skipsComponentDidUpdateOnNullish": true,
          },
        },
      },
    },
  },
}
`;
